<?xml version="1.0"?>
<testsuite name="HeadlessChrome 89.0.4389 (Mac OS X 11.6.1)" package="" timestamp="2021-11-01T19:09:50" id="0" hostname="C02FF8FJMD6M" tests="2" errors="0" failures="0" time="0">
  <properties>
    <property name="browser.fullName" value="Mozilla/5.0 (Macintosh; Intel Mac OS X 11_6_1) AppleWebKit/537.36 (KHTML, like Gecko) HeadlessChrome/89.0.4389.114 Safari/537.36"/>
  </properties>
  <testcase name="Exercise Tests Happy Path Hello, World" time="0" classname="Exercise Tests"/>
  <testcase name="Exercise Tests Failing Tests Throw Error" time="0" classname="Exercise Tests"/>
  <system-out>
    <![CDATA[HeadlessChrome 89.0.4389 (Mac OS X 11.6.1) LOG: ['hello', 'hello', 'world']
,HeadlessChrome 89.0.4389 (Mac OS X 11.6.1) LOG: ['hello', 'hallo', 'world']
,HeadlessChrome 89.0.4389 (Mac OS X 11.6.1) LOG: 'Error: InvalitInput'

]]>
  </system-out>
  <system-err/>
</testsuite>